// Jest Snapshot v1, https://goo.gl/fbAQLP

exports[`A suite MainSector route => / should render deep DOM 1`] = `
<div>
  Init Page
</div>
`;

exports[`A suite MainSector route => / should render shallow render only 1`] = `
<div>
  Init Page
</div>
`;

exports[`A suite MainSector route => /about should render deep DOM 1`] = `
<div>
  Init Page
</div>
`;

exports[`A suite MainSector route => /about should render shallow render only 1`] = `
<div>
  Init Page
</div>
`;

exports[`A suite MainSector route => /base should render deep DOM 1`] = `
<div>
  Init Page
</div>
`;

exports[`A suite MainSector route => /base should render shallow render only 1`] = `
<div>
  Init Page
</div>
`;

exports[`A suite MainSector route => /main should render deep DOM 1`] = `
<div>
  Init Page
</div>
`;

exports[`A suite MainSector route => /main should render shallow render only 1`] = `
<div>
  Init Page
</div>
`;

exports[`A suite MainSector route => /news should render deep DOM 1`] = `
<div>
  Init Page
</div>
`;

exports[`A suite MainSector route => /news should render shallow render only 1`] = `
<div>
  Init Page
</div>
`;

exports[`A suite MainSector route => /randomUrl should render deep DOM 1`] = `
<div>
  Init Page
</div>
`;

exports[`A suite MainSector route => /randomUrl should render shallow render only 1`] = `
<div>
  Init Page
</div>
`;
